// Jest Snapshot v1, https://goo.gl/fbAQLP

exports[`matches snapshot 1 of Calculator component 1`] = `
<div
  className="calc-wrapper"
  data-testid="calc"
>
  <div
    className="calc-title"
  >
    <h3>
      Let's do some math!
    </h3>
  </div>
  <div
    className="calcbody"
  >
    <div
      className="display"
    >
      <p
        className="result"
        data-testid="display"
      >
        0
      </p>
    </div>
    <div
      className="keypad"
    >
      <ul
        className="numbers"
      >
        <li
          btnname="AC"
          data-testid="num-li"
        >
          <button
            onClick={[Function]}
            type="button"
          >
            AC
          </button>
        </li>
        <li
          btnname="+/-"
          data-testid="num-li"
        >
          <button
            onClick={[Function]}
            type="button"
          >
            +/-
          </button>
        </li>
        <li
          btnname="%"
          data-testid="num-li"
        >
          <button
            onClick={[Function]}
            type="button"
          >
            %
          </button>
        </li>
        <li
          btnname="7"
          data-testid="num-li"
        >
          <button
            onClick={[Function]}
            type="button"
          >
            7
          </button>
        </li>
        <li
          btnname="8"
          data-testid="num-li"
        >
          <button
            onClick={[Function]}
            type="button"
          >
            8
          </button>
        </li>
        <li
          btnname="9"
          data-testid="num-li"
        >
          <button
            onClick={[Function]}
            type="button"
          >
            9
          </button>
        </li>
        <li
          btnname="4"
          data-testid="num-li"
        >
          <button
            onClick={[Function]}
            type="button"
          >
            4
          </button>
        </li>
        <li
          btnname="5"
          data-testid="num-li"
        >
          <button
            onClick={[Function]}
            type="button"
          >
            5
          </button>
        </li>
        <li
          btnname="6"
          data-testid="num-li"
        >
          <button
            onClick={[Function]}
            type="button"
          >
            6
          </button>
        </li>
        <li
          btnname="1"
          data-testid="num-li"
        >
          <button
            onClick={[Function]}
            type="button"
          >
            1
          </button>
        </li>
        <li
          btnname="2"
          data-testid="num-li"
        >
          <button
            onClick={[Function]}
            type="button"
          >
            2
          </button>
        </li>
        <li
          btnname="3"
          data-testid="num-li"
        >
          <button
            onClick={[Function]}
            type="button"
          >
            3
          </button>
        </li>
        <li
          btnname="0"
          data-testid="num-li"
        >
          <button
            onClick={[Function]}
            type="button"
          >
            0
          </button>
        </li>
        <li
          btnname="."
          data-testid="num-li"
        >
          <button
            onClick={[Function]}
            type="button"
          >
            .
          </button>
        </li>
      </ul>
      <ul
        className="aritmetic"
      >
        <li
          data-testid="oper-li"
        >
          <button
            onClick={[Function]}
            type="button"
          >
            รท
          </button>
        </li>
        <li
          data-testid="oper-li"
        >
          <button
            onClick={[Function]}
            type="button"
          >
            x
          </button>
        </li>
        <li
          data-testid="oper-li"
        >
          <button
            onClick={[Function]}
            type="button"
          >
            -
          </button>
        </li>
        <li
          data-testid="oper-li"
        >
          <button
            onClick={[Function]}
            type="button"
          >
            +
          </button>
        </li>
        <li
          data-testid="oper-li"
        >
          <button
            onClick={[Function]}
            type="button"
          >
            =
          </button>
        </li>
      </ul>
    </div>
  </div>
</div>
`;
